node : node:internal/mo
dules/package_json_read
er:268
At line:1 char:1
+ node index.js > 
error_log.txt 2>&1 ; 
cat error_log.txt
+ ~~~~~~~~~~~~~~~~~~~~~
~~~~~~~~~~~~~
    + CategoryInfo     
         : NotSpecifi  
  ed: (node:internal   
 /m...json_reader:2    
68:String) [], Rem    
oteException
    + FullyQualifiedEr 
   rorId : NativeComm  
  andError
 
  throw new ERR_MODULE_
NOT_FOUND(packageName, 
fileURLToPath(base), 
null);
        ^

Error [ERR_MODULE_NOT_F
OUND]: Cannot find 
package 
'@langchain/ollama' 
imported from C:\Users\
Lenovo\OneDrive\Desktop
\VedaX-AI\server\servic
es\medgemmaService.js
    at Object.getPackag
eJSONURL (node:internal
/modules/package_json_r
eader:268:9)
    at packageResolve (
node:internal/modules/e
sm/resolve:768:81)
    at moduleResolve (n
ode:internal/modules/es
m/resolve:854:18)
    at defaultResolve (
node:internal/modules/e
sm/resolve:984:11)
    at ModuleLoader.def
aultResolve (node:inter
nal/modules/esm/loader:
685:12)
    at 
#cachedDefaultResolve (
node:internal/modules/e
sm/loader:634:25)
    at 
ModuleLoader.resolve (n
ode:internal/modules/es
m/loader:617:38)
    at ModuleLoader.get
ModuleJobForImport (nod
e:internal/modules/esm/
loader:273:38)
    at ModuleJob._link 
(node:internal/modules/
esm/module_job:135:49) 
{
  code: 
'ERR_MODULE_NOT_FOUND'
}

Node.js v22.14.0
